
<ol>
<li>Apple<br>Is <tt>good</tt>
</li>
</ol>
<br><i>for</i> <b>you</b>

<ol>
<li>Orange</li>
</ol>
<br>Beginning of sub-list
<br>
<ul>
<li>Hey<br></li>
<li>sub-list<br></li>
<li>yeah</li>
</ul>

<ul>
<li>You<br></li>
<li>The <b>rock</b> steady <i>crew</i></li>
</ul>
<br>End of sub-list
<br>
<ol>
<li>Banana<br>
<ul>
<li>boat<br>
<ul>
<li>party<br>
<ul>
<li>night</li>
</ul>
tonight
<br></li>
<li>keep this<br>hard wrap
<br></li>
<li>soften this wrap
 and this wrap
<br>but break before but there
 but not here
</li>
</ul>
</li>
</ul>
</li>
</ol>
<br>and extra space
<br>before this section of two lines

